PacoXtr@DESKTOP-T0II59T MINGW64 ~/Desktop
$ cd pasteleria

PacoXtr@DESKTOP-T0II59T MINGW64 ~/Desktop/pasteleria
$ git init
Initialized empty Git repository in C:/Users/pacoa/Desktop/pasteleria/.git/



//- Guardar la version original de las recetas de los pasteles: Chocolate, Tres leches, Zanahoria, Pay de queso, Pay de limon //
PacoXtr@DESKTOP-T0II59T MINGW64 ~/Desktop/pasteleria (master)
$ touch chocolate.txt, zanahoria.txt, PayDeQueso.txt, PayLimon.txt

PacoXtr@DESKTOP-T0II59T MINGW64 ~/Desktop/pasteleria (master)
$  git add chocolate.txt, zanahoria.txt, PayDeQueso.txt, PayLimon.txt

PacoXtr@DESKTOP-T0II59T MINGW64 ~/Desktop/pasteleria (master)
$ git commit -m "primer commit"
[master (root-commit) 259ef41] primer commit
 4 files changed, 0 insertions(+), 0 deletions(-)
 create mode 100644 PayDeQueso.txt,
 create mode 100644 PayLimon.txt
 create mode 100644 chocolate.txt,
 create mode 100644 zanahoria.txt,



//- Crear un repositorio en GitHUB para almacenar las recetas en la nube//

PacoXtr@DESKTOP-T0II59T MINGW64 ~/Desktop/pasteleria (master)
$ git remote add origin https://github.com/PacoZapien/pasteles.git


//- Subir la version original de las recetas//

PacoXtr@DESKTOP-T0II59T MINGW64 ~/Desktop/pasteleria (master)
$ git push -u origin master
Enumerating objects: 3, done.
Counting objects: 100% (3/3), done.
Delta compression using up to 4 threads
Compressing objects: 100% (2/2), done.
Writing objects: 100% (3/3), 256 bytes | 128.00 KiB/s, done.
Total 3 (delta 0), reused 0 (delta 0)
To https://github.com/PacoZapien/pasteles.git
 * [new branch]      master -> master
Branch 'master' set up to track remote branch 'master' from 'origin'.


//- Modificar la receta del pay de queso (agregar "mas queso") //

PacoXtr@DESKTOP-T0II59T MINGW64 ~/Desktop/pasteleria (master)
$ vim PayDeQueso.txt

PacoXtr@DESKTOP-T0II59T MINGW64 ~/Desktop/pasteleria (master)
$ git status
On branch master
Your branch is up to date with 'origin/master'.

Untracked files:
  (use "git add <file>..." to include in what will be committed)
        PayDeQueso.txt

nothing added to commit but untracked files present (use "git add" to track)

//- Publicar el cambio//

PacoXtr@DESKTOP-T0II59T MINGW64 ~/Desktop/pasteleria (master)
$ vim PayDeQueso.txt


PacoXtr@DESKTOP-T0II59T MINGW64 ~/Desktop/pasteleria (master)
$ git commit -m "no tanto queso"
On branch master
Your branch is ahead of 'origin/master' by 1 commit.
  (use "git push" to publish your local commits)

Changes not staged for commit:
        modified:   PayDeQueso.txt

no changes added to commit

PacoXtr@DESKTOP-T0II59T MINGW64 ~/Desktop/pasteleria (master)


//Para la temporade de Dia de gracias la pasteleria de Romualdo esta lanzando una promocion de temporada que incluye "Pay de manzana" y "Salsa de arandanos"//

PacoXtr@DESKTOP-T0II59T MINGW64 ~/Desktop/pasteleria (master)
$ touch PayManzana.txt, PayArandanos.txt

PacoXtr@DESKTOP-T0II59T MINGW64 ~/Desktop/pasteleria (master)
$ git add PayManzana.txt, PayArandanos.txt

PacoXtr@DESKTOP-T0II59T MINGW64 ~/Desktop/pasteleria (master)
$ git commit -m "nuevas recetas"
[master 1e3d982] nuevas recetas
 2 files changed, 0 insertions(+), 0 deletions(-)
 create mode 100644 PayArandanos.txt
 create mode 100644 PayManzana.txt,

PacoXtr@DESKTOP-T0II59T MINGW64 ~/Desktop/pasteleria (master)
$ vim PayMAnzana.txt,

PacoXtr@DESKTOP-T0II59T MINGW64 ~/Desktop/pasteleria (master)
$ git commit -m "cambio pay manzana"
On branch master
Your branch is ahead of 'origin/master' by 2 commits.
  (use "git push" to publish your local commits)

Changes not staged for commit:
        modified:   PayDeQueso.txt
        modified:   PayManzana.txt,

no changes added to commit

// Debido al exito de la promocion las ventas en el Pay de limon han bajado un poco, asi que por la duracion de la temporada Romualdo decidio 
no mantener el Pay de limon en la lista publica, pero no quiere borrar la receta ya que siempre a sido un clasico y uno de sus mejores productos.//

PacoXtr@DESKTOP-T0II59T MINGW64 ~/Desktop/pasteleria (master)
$ git rm --cached PayLimon.txt
rm 'PayLimon.txt'

PacoXtr@DESKTOP-T0II59T MINGW64 ~/Desktop/pasteleria (master)
$ git commit -m "dejar de seguir, pay de limon"
[master eb22d2a] dejar de seguir, pay de limon
 1 file changed, 0 insertions(+), 0 deletions(-)
 delete mode 100644 PayLimon.txt

PacoXtr@DESKTOP-T0II59T MINGW64 ~/Desktop/pasteleria (master)
$ git status
On branch master
Your branch is ahead of 'origin/master' by 3 commits.
  (use "git push" to publish your local commits)

Changes not staged for commit:
  (use "git add <file>..." to update what will be committed)
  (use "git restore <file>..." to discard changes in working directory)
        modified:   PayDeQueso.txt
        modified:   PayManzana.txt,

Untracked files:
  (use "git add <file>..." to include in what will be committed)
        PayLimon.txt

no changes added to commit (use "git add" and/or "git commit -a")

//Empujar al GitHub //

PacoXtr@DESKTOP-T0II59T MINGW64 ~/Desktop/pasteleria (master)
$ git push origin master
Enumerating objects: 8, done.
Counting objects: 100% (8/8), done.
Delta compression using up to 4 threads
Compressing objects: 100% (6/6), done.
Writing objects: 100% (7/7), 721 bytes | 360.00 KiB/s, done.
Total 7 (delta 2), reused 0 (delta 0)
remote: Resolving deltas: 100% (2/2), done.
To https://github.com/PacoZapien/pasteles.git
   259ef41..eb22d2a  master -> master



